// Jest Snapshot v1, https://goo.gl/fbAQLP

exports[`Layout component should render correctly 1`] = `
<Fragment>
  <HeaderNav />
  <div
    className="container"
  />
</Fragment>
`;
